I'm sorry, but errors were detected in your script. Please correct the
errors listed below, and try again.


File "game/script.rpy", line 47: drag expects a non-empty block.
    drag:
         ^

Ren'Py Version: Ren'Py 8.2.0.24012702
Tue Feb  6 13:04:43 2024
